\BOOKMARK [0][-]{chapter.1}{\376\377\000I\000n\000t\000r\000o\000d\000u\000c\000t\000i\000o\000n}{}% 1
\BOOKMARK [1][-]{section.1.1}{\376\377\000I\000n\000f\000o\000r\000m\000a\000t\000i\000o\000n\000\040\000f\000o\000r\000\040\000p\000a\000c\000k\000a\000g\000e\000\040\000a\000u\000t\000h\000o\000r\000s}{chapter.1}% 2
\BOOKMARK [0][-]{chapter.2}{\376\377\000P\000r\000i\000n\000t\000i\000n\000g\000\040\000L\000i\000s\000t\000s\000\040\000a\000n\000d\000\040\000I\000t\000e\000r\000a\000t\000o\000r\000s}{}% 3
\BOOKMARK [1][-]{section.2.1}{\376\377\000P\000r\000i\000n\000t\000i\000n\000g\000\040\000s\000e\000l\000e\000c\000t\000e\000d\000\040\000i\000t\000e\000m\000s}{chapter.2}% 4
\BOOKMARK [0][-]{chapter.3}{\376\377\000L\000i\000s\000t\000s\000,\000\040\000S\000e\000t\000s\000\040\000a\000n\000d\000\040\000S\000t\000r\000i\000n\000g\000s}{}% 5
\BOOKMARK [1][-]{section.3.1}{\376\377\000F\000u\000n\000c\000t\000i\000o\000n\000s\000\040\000f\000o\000r\000\040\000l\000i\000s\000t\000s}{chapter.3}% 6
\BOOKMARK [1][-]{section.3.2}{\376\377\000D\000i\000s\000t\000i\000n\000c\000t\000\040\000a\000n\000d\000\040\000C\000o\000m\000m\000o\000n\000\040\000R\000e\000p\000r\000e\000s\000e\000n\000t\000a\000t\000i\000v\000e\000s}{chapter.3}% 7
\BOOKMARK [1][-]{section.3.3}{\376\377\000F\000u\000n\000c\000t\000i\000o\000n\000s\000\040\000f\000o\000r\000\040\000s\000t\000r\000i\000n\000g\000s}{chapter.3}% 8
\BOOKMARK [0][-]{chapter.4}{\376\377\000N\000u\000m\000b\000e\000r\000-\000t\000h\000e\000o\000r\000e\000t\000i\000c\000\040\000f\000u\000n\000c\000t\000i\000o\000n\000s}{}% 9
\BOOKMARK [1][-]{section.4.1}{\376\377\000F\000u\000n\000c\000t\000i\000o\000n\000s\000\040\000f\000o\000r\000\040\000i\000n\000t\000e\000g\000e\000r\000s}{chapter.4}% 10
\BOOKMARK [0][-]{chapter.5}{\376\377\000G\000r\000o\000u\000p\000s\000\040\000a\000n\000d\000\040\000h\000o\000m\000o\000m\000o\000r\000p\000h\000i\000s\000m\000s}{}% 11
\BOOKMARK [1][-]{section.5.1}{\376\377\000F\000u\000n\000c\000t\000i\000o\000n\000s\000\040\000f\000o\000r\000\040\000g\000r\000o\000u\000p\000s}{chapter.5}% 12
\BOOKMARK [1][-]{section.5.2}{\376\377\000L\000e\000f\000t\000\040\000C\000o\000s\000e\000t\000s\000\040\000f\000o\000r\000\040\000G\000r\000o\000u\000p\000s}{chapter.5}% 13
\BOOKMARK [1][-]{section.5.3}{\376\377\000F\000u\000n\000c\000t\000i\000o\000n\000s\000\040\000f\000o\000r\000\040\000g\000r\000o\000u\000p\000\040\000h\000o\000m\000o\000m\000o\000r\000p\000h\000i\000s\000m\000s}{chapter.5}% 14
\BOOKMARK [0][-]{chapter.6}{\376\377\000I\000t\000e\000r\000a\000t\000o\000r\000s}{}% 15
\BOOKMARK [1][-]{section.6.1}{\376\377\000S\000o\000m\000e\000\040\000i\000t\000e\000r\000a\000t\000o\000r\000s\000\040\000f\000o\000r\000\040\000g\000r\000o\000u\000p\000s\000\040\000a\000n\000d\000\040\000t\000h\000e\000i\000r\000\040\000i\000s\000o\000m\000o\000r\000p\000h\000i\000s\000m\000s}{chapter.6}% 16
\BOOKMARK [1][-]{section.6.2}{\376\377\000O\000p\000e\000r\000a\000t\000i\000o\000n\000s\000\040\000o\000n\000\040\000i\000t\000e\000r\000a\000t\000o\000r\000s}{chapter.6}% 17
\BOOKMARK [0][-]{chapter.7}{\376\377\000R\000e\000c\000o\000r\000d\000s}{}% 18
\BOOKMARK [1][-]{section.7.1}{\376\377\000F\000u\000n\000c\000t\000i\000o\000n\000s\000\040\000f\000o\000r\000\040\000r\000e\000c\000o\000r\000d\000s}{chapter.7}% 19
\BOOKMARK [0][-]{chapter.8}{\376\377\000W\000e\000b\000\040\000D\000o\000w\000n\000l\000o\000a\000d\000s}{}% 20
\BOOKMARK [1][-]{section.8.1}{\376\377\000F\000u\000n\000c\000t\000i\000o\000n\000s\000\040\000f\000o\000r\000\040\000d\000o\000w\000n\000l\000o\000a\000d\000i\000n\000g\000\040\000f\000i\000l\000e\000s\000\040\000f\000r\000o\000m\000\040\000t\000h\000e\000\040\000w\000e\000b}{chapter.8}% 21
\BOOKMARK [0][-]{chapter.9}{\376\377\000V\000a\000r\000i\000o\000u\000s\000\040\000o\000t\000h\000e\000r\000\040\000f\000u\000n\000c\000t\000i\000o\000n\000s}{}% 22
\BOOKMARK [1][-]{section.9.1}{\376\377\000F\000i\000l\000e\000\040\000o\000p\000e\000r\000a\000t\000i\000o\000n\000s}{chapter.9}% 23
\BOOKMARK [1][-]{section.9.2}{\376\377\000L\000a\000T\000e\000X\000\040\000s\000t\000r\000i\000n\000g\000s}{chapter.9}% 24
\BOOKMARK [1][-]{section.9.3}{\376\377\000C\000o\000n\000v\000e\000r\000s\000i\000o\000n\000\040\000t\000o\000\040\000M\000a\000g\000m\000a\000\040\000s\000t\000r\000i\000n\000g}{chapter.9}% 25
\BOOKMARK [0][-]{chapter.10}{\376\377\000O\000b\000s\000o\000l\000e\000t\000e\000\040\000f\000u\000n\000c\000t\000i\000o\000n\000s}{}% 26
\BOOKMARK [1][-]{section.10.1}{\376\377\000O\000p\000e\000r\000a\000t\000i\000o\000n\000s\000\040\000f\000r\000o\000m\000\040\000A\000u\000t\000o\000D\000o\000c}{chapter.10}% 27
\BOOKMARK [1][-]{section.10.2}{\376\377\000F\000u\000n\000c\000t\000i\000o\000n\000s\000\040\000f\000o\000r\000\040\000p\000r\000i\000n\000t\000i\000n\000g}{chapter.10}% 28
\BOOKMARK [1][-]{section.10.3}{\376\377\000O\000t\000h\000e\000r\000\040\000o\000b\000s\000o\000l\000e\000t\000e\000\040\000f\000u\000n\000c\000t\000i\000o\000n\000s}{chapter.10}% 29
\BOOKMARK [0][-]{chapter.11}{\376\377\000T\000h\000e\000\040\000t\000r\000a\000n\000s\000f\000e\000r\000\040\000p\000r\000o\000c\000e\000d\000u\000r\000e}{}% 30
\BOOKMARK [0][-]{chapter*.5}{\376\377\000R\000e\000f\000e\000r\000e\000n\000c\000e\000s}{}% 31
\BOOKMARK [0][-]{section*.6}{\376\377\000I\000n\000d\000e\000x}{}% 32
